// Jest Snapshot v1, https://goo.gl/fbAQLP

exports[`renders correctly 1`] = `
<View
  style={
    Object {
      "flexDirection": "column",
    }
  }
>
  <View
    style={
      Object {
        "marginVertical": 10,
      }
    }
  >
    <Text
      ellipsizeMode="tail"
      numberOfLines={2}
      style={
        Object {
          "color": "lightgray",
          "fontSize": 13,
        }
      }
    >
      Description about the playlist
    </Text>
  </View>
  <View
    style={
      Object {
        "flexDirection": "row",
        "marginBottom": 15,
      }
    }
  >
    <View
      style={
        Object {
          "width": "45%",
        }
      }
    >
      <Text
        style={
          Object {
            "color": "rgb(28, 28, 30)",
            "fontWeight": "bold",
          }
        }
      />
      <Text
        ellipsizeMode="tail"
        style={
          Object {
            "color": "lightgray",
            "fontSize": 13,
            "marginBottom": 15,
            "marginTop": 10,
          }
        }
      >
        200,000
         likes Â·
         
        19h 6m
      </Text>
      <View
        style={
          Object {
            "alignItems": "center",
            "flexDirection": "row",
            "justifyContent": "space-between",
          }
        }
      >
        <RNGestureHandlerButton
          collapsable={false}
          onGestureEvent={[Function]}
          onGestureHandlerEvent={[Function]}
          onGestureHandlerStateChange={[Function]}
          onHandlerStateChange={[Function]}
          rippleColor={0}
        >
          <View
            accessible={true}
            style={
              Object {
                "opacity": 1,
              }
            }
          >
            <Text />
          </View>
        </RNGestureHandlerButton>
        <RNGestureHandlerButton
          collapsable={false}
          onGestureEvent={[Function]}
          onGestureHandlerEvent={[Function]}
          onGestureHandlerStateChange={[Function]}
          onHandlerStateChange={[Function]}
          rippleColor={0}
        >
          <View
            accessible={true}
            style={
              Object {
                "opacity": 1,
              }
            }
          >
            <Text />
          </View>
        </RNGestureHandlerButton>
        <RNGestureHandlerButton
          collapsable={false}
          onGestureEvent={[Function]}
          onGestureHandlerEvent={[Function]}
          onGestureHandlerStateChange={[Function]}
          onHandlerStateChange={[Function]}
          rippleColor={0}
        >
          <View
            accessible={true}
            style={
              Object {
                "opacity": 1,
              }
            }
          >
            <Text />
          </View>
        </RNGestureHandlerButton>
      </View>
    </View>
    <View
      style={
        Object {
          "alignItems": "flex-end",
          "justifyContent": "flex-end",
          "width": "55%",
        }
      }
    >
      <Text />
    </View>
  </View>
</View>
`;
